Total messages: 23 (Errors: 18, Warnings: 3)

[INFO] %cDownload the React DevTools for a better development experience: https://react.dev/link/react-devtools font-weight:bold @ webpack-internal:///(app-pages-browser)/./node_modules/next/dist/compiled/react-dom/cjs/react-dom-client.development.js:25630
[ERROR] Failed to load resource: the server responded with a status of 404 (Not Found) @ http://localhost:3002/favicon.ico:0
[ERROR] Failed to load resource: the server responded with a status of 401 () @ https://dwcmgjbineiinpkpzhvx.supabase.co/rest/v1/funnel_events:0
[WARNING] The resource http://localhost:3002/_next/static/css/app/layout.css?v=1779977565915 was preloaded using link preload but not used within a few seconds from the window's load event. Please make sure it has an appropriate `as` value and it is preloaded intentionally. @ http://localhost:3002/what-should-i-read-next:0
[ERROR] Failed to load resource: the server responded with a status of 401 () @ https://dwcmgjbineiinpkpzhvx.supabase.co/rest/v1/funnel_events:0
[ERROR] Failed to load resource: the server responded with a status of 401 () @ https://dwcmgjbineiinpkpzhvx.supabase.co/rest/v1/quiz_sessions:0
[WARNING] The resource http://localhost:3002/_next/static/css/app/layout.css?v=1779977565915 was preloaded using link preload but not used within a few seconds from the window's load event. Please make sure it has an appropriate `as` value and it is preloaded intentionally. @ http://localhost:3002/what-should-i-read-next:0
[ERROR] Failed to load resource: the server responded with a status of 401 () @ https://dwcmgjbineiinpkpzhvx.supabase.co/rest/v1/funnel_events:0
[WARNING] The resource http://localhost:3002/_next/static/css/app/layout.css?v=1779977565915 was preloaded using link preload but not used within a few seconds from the window's load event. Please make sure it has an appropriate `as` value and it is preloaded intentionally. @ http://localhost:3002/what-should-i-read-next:0
[INFO] %cDownload the React DevTools for a better development experience: https://react.dev/link/react-devtools font-weight:bold @ webpack-internal:///(app-pages-browser)/./node_modules/next/dist/compiled/react-dom/cjs/react-dom-client.development.js:25630
[ERROR] Failed to load resource: the server responded with a status of 401 () @ https://dwcmgjbineiinpkpzhvx.supabase.co/rest/v1/funnel_events:0
[ERROR] Failed to load resource: the server responded with a status of 401 () @ https://dwcmgjbineiinpkpzhvx.supabase.co/rest/v1/funnel_events:0
[ERROR] Failed to load resource: the server responded with a status of 401 () @ https://dwcmgjbineiinpkpzhvx.supabase.co/rest/v1/quiz_sessions:0
[ERROR] Failed to load resource: the server responded with a status of 401 () @ https://dwcmgjbineiinpkpzhvx.supabase.co/rest/v1/funnel_events:0
[ERROR] Failed to load resource: the server responded with a status of 401 () @ https://dwcmgjbineiinpkpzhvx.supabase.co/rest/v1/funnel_events:0
[ERROR] Failed to load resource: the server responded with a status of 401 () @ https://dwcmgjbineiinpkpzhvx.supabase.co/rest/v1/funnel_events:0
[ERROR] Failed to load resource: the server responded with a status of 401 () @ https://dwcmgjbineiinpkpzhvx.supabase.co/rest/v1/funnel_events:0
[ERROR] Failed to load resource: the server responded with a status of 401 () @ https://dwcmgjbineiinpkpzhvx.supabase.co/rest/v1/funnel_events:0
[ERROR] Failed to load resource: the server responded with a status of 401 () @ https://dwcmgjbineiinpkpzhvx.supabase.co/rest/v1/funnel_events:0
[ERROR] Failed to load resource: the server responded with a status of 401 () @ https://dwcmgjbineiinpkpzhvx.supabase.co/rest/v1/funnel_events:0
[ERROR] Failed to load resource: the server responded with a status of 401 () @ https://dwcmgjbineiinpkpzhvx.supabase.co/rest/v1/funnel_events:0
[ERROR] Failed to load resource: the server responded with a status of 401 () @ https://dwcmgjbineiinpkpzhvx.supabase.co/rest/v1/quiz_results:0
[ERROR] Failed to load resource: the server responded with a status of 401 () @ https://dwcmgjbineiinpkpzhvx.supabase.co/rest/v1/quiz_answers:0